None of PyTorch, TensorFlow >= 2.0, or Flax have been found. Models won't be available and only tokenizers, configuration and file/data utilities can be used.
0it [00:00, ?it/s]ERROR:root:Retrying in 5 seconds...
1it [01:02, 62.73s/it]ERROR:root:Retrying in 5 seconds...
2it [02:05, 62.76s/it]ERROR:root:Retrying in 5 seconds...
ERROR:root:Retrying in 5 seconds...
3it [03:42, 78.18s/it]4it [03:55, 52.60s/it]ERROR:root:Retrying in 5 seconds...
ERROR:root:Retrying in 5 seconds...
ERROR:root:Retrying in 5 seconds...
5it [06:12, 83.01s/it]ERROR:root:Retrying in 5 seconds...
6it [07:12, 75.25s/it]ERROR:root:Retrying in 5 seconds...
ERROR:root:Retrying in 5 seconds...
ERROR:root:Retrying in 5 seconds...
